// Jest Snapshot v1, https://goo.gl/fbAQLP

exports[`Auth middleware throws an error if reducer is not set correctly 1`] = `"received is not a function"`;
